57
 energy: -83.276692842734 gnorm: 0.123882660149 xtb: 6.7.1pre (5071a88)
N            0.00000000000000        0.00000000000000        0.00000000000000
C            1.46000000000000        0.00000000000000        0.00000000000000
C            2.15500000000000        0.77400000000000        0.92200000000000
C            3.54500000000000        0.77400000000000        0.92200000000000
C            4.24000000000000        0.00000000000000        0.00000000000000
C            3.54500000000000       -0.77400000000000       -0.92200000000000
C            2.15500000000000       -0.77400000000000       -0.92200000000000
C            5.74000000000000        0.00000000000000        0.00000000000000
C            6.24000000000000        1.08300000000000       -0.90900000000000
C           -0.68400000000000        1.12500000000000        0.00000000000000
C            0.06900000000000        2.42300000000000        0.00000000000000
C           -0.57800000000000        3.59700000000000        0.00000000000000
C            0.17500000000000        4.89500000000000        0.00000000000000
C            0.42500000000000        5.32800000000000       -1.41400000000000
C            1.17700000000000        6.62500000000000       -1.41400000000000
O           -0.68400000000000        1.12500000000000       -2.80000000000000
O           -0.68400000000000        1.12500000000000       -5.50000000000000
H           -0.47000000000000       -0.90500000000000        0.00000000000000
H           -0.68400000000000        1.12500000000000       -3.77000000000000
H            1.61400000000000        1.37600000000000        1.64000000000000
H            4.08600000000000        1.37600000000000        1.64000000000000
H            4.08600000000000       -1.37600000000000       -1.64000000000000
H            1.61400000000000       -1.37600000000000       -1.64000000000000
H            6.10300000000000       -0.96600000000000       -0.35100000000000
H            6.10300000000000        0.17800000000000        1.01200000000000
H            5.87600000000000        2.04900000000000       -0.55800000000000
H            6.37400000000000        0.46000000000000       -2.96300000000000
H            7.93000000000000        3.09600000000000       -1.26500000000000
H           -1.76200000000000        1.07500000000000        0.00000000000000
H            1.14800000000000        2.38000000000000        0.00000000000000
H           -1.65700000000000        3.64000000000000        0.00000000000000
H           -0.41300000000000        5.65600000000000        0.51400000000000
H            1.12700000000000        4.76300000000000        0.51400000000000
H            1.01300000000000        4.56700000000000       -1.92800000000000
H           -0.52700000000000        5.46000000000000       -1.92800000000000
H            1.36000000000000        6.94000000000000       -2.44200000000000
H            0.59000000000000        7.38600000000000       -0.90000000000000
H            2.13000000000000        6.49400000000000       -0.90000000000000
H           -1.40300000000000        0.85400000000000       -6.09200000000000
H           -0.03300000000000        1.54400000000000       -6.08500000000000
O           -3.47300000000000       -1.39700000000000        0.79600000000000
H           -0.21300000000000        1.93700000000000       -2.55700000000000
H           -4.09900000000000       -2.11400000000000        0.61100000000000
N            5.75400000000000        0.84400000000000       -2.26500000000000
C            7.76000000000000        1.08300000000000       -0.90900000000000
O            8.37500000000000        0.03400000000000       -0.72400000000000
C            3.97200000000000        0.88900000000000       -3.98700000000000
C            4.47500000000000        1.13700000000000       -2.58500000000000
O            3.72000000000000        1.60500000000000       -1.73400000000000
H            4.30500000000000       -0.09200000000000       -4.32400000000000
H            4.36600000000000        1.65600000000000       -4.65500000000000
H            2.88300000000000        0.92600000000000       -3.99400000000000
N            8.43500000000000        2.23400000000000       -1.11200000000000
C            9.88500000000000        2.23400000000000       -1.11200000000000
H           10.24800000000000        3.26200000000000       -1.11200000000000
H           10.24800000000000        1.72000000000000       -2.00200000000000
H           10.24800000000000        1.72000000000000       -0.22200000000000
57
 energy: -83.298639004961 gnorm: 0.068504049933 xtb: 6.7.1pre (5071a88)
N            0.02431061156814        0.01177492686572        0.00404966779261
C            1.45620026572355       -0.03403182900052        0.02524697045827
C            2.15904058076141        0.73162711311292        0.94950530262552
C            3.54000148225876        0.72782370820243        0.95050086186212
C            4.23235185581645       -0.06097654598908        0.04241885912308
C            3.52797438565329       -0.83686937912053       -0.87248941633695
C            2.14513572086115       -0.81394711418934       -0.89166543058152
C            5.73361426454164       -0.01562213329379        0.00337147635980
C            6.24114513737494        1.07328862837770       -0.92851728902924
C           -0.65294760077827        1.14489583704123        0.00203692690010
C            0.02976202720073        2.41686201972071       -0.01567910807023
C           -0.60640874529575        3.59721592478468        0.01948342690726
C            0.15554633870471        4.88448198812480        0.00860280024593
C            0.42222366415349        5.33164058431934       -1.41659924261099
C            1.18472778064234        6.63941675860059       -1.42811606859793
O           -0.66118681152878        1.15078064987677       -2.77051133124514
O           -0.68256136880473        1.13447738103643       -5.52255441132550
H           -0.46809092275024       -0.87746421196242        0.01356323587502
H           -0.71847003951097        1.06708156928061       -3.74129472109109
H            1.62551827492319        1.32696804253196        1.67596416114776
H            4.08079658230816        1.35712582035894        1.64375980484978
H            4.06846398401416       -1.39983572658222       -1.62191950484454
H            1.60282001204958       -1.37850539229585       -1.63641883013042
H            6.12013926701097       -0.97391773625762       -0.34408332714074
H            6.11588434524652        0.16968213704923        1.00831795893695
H            5.86312063216868        2.04338332143311       -0.58241730218993
H            6.36275394375487        0.45002707604373       -2.96801886347438
H            7.92234686665859        3.10583834873095       -1.26550826246106
H           -1.73023168531143        1.08871179743836       -0.00339476082141
H            1.10639713114054        2.39061655329702       -0.05199843419651
H           -1.68202896212250        3.64622175779408        0.01053739853585
H           -0.41484355899678        5.65660840783229        0.52704043450413
H            1.11251661576119        4.75494322543902        0.51901073649904
H            1.00341283596133        4.56384511388679       -1.93151890058480
H           -0.52771566555097        5.45452967356070       -1.93920294027492
H            1.37549630317081        6.96559759115601       -2.44716731015184
H            0.60858062310177        7.40462811101975       -0.91161486318908
H            2.13461364994305        6.51563500133918       -0.91089082590824
H           -1.40598244875880        0.85780545289090       -6.09480387553172
H           -0.03358572273049        1.55301966170346       -6.09806465529244
O           -3.43775237964723       -1.40079867867866        0.77610977949954
H           -0.19692359988087        1.97500436908016       -2.59253676227389
H           -4.08313220653155       -2.09642913364763        0.61631450682718
N            5.75046960384379        0.87009004925203       -2.28553994799131
C            7.76821751299259        1.09028496197643       -0.90186553610746
O            8.38598806082974        0.05066951850183       -0.73390470278027
C            3.99089102084818        0.88890976595389       -3.99941694957729
C            4.47563795307127        1.19882608634680       -2.60559737212280
O            3.74094593204692        1.73594402955186       -1.79096852905573
H            4.31270128960682       -0.09711828217941       -4.32701272508144
H            4.37723845564667        1.64323178336574       -4.68154922692732
H            2.90417136054408        0.93325864945210       -3.99433078414566
N            8.42518727386727        2.24719328441868       -1.11278382139330
C            9.87516859614826        2.23856205208800       -1.11334106256948
H           10.24344632411782        3.26170568298234       -1.10123126461726
H           10.24979584814873        1.72149277867702       -1.99822310763536
H           10.23710730401163        1.71378896870246       -0.22908284158978
