57
 energy: -83.186676716995 gnorm: 0.147385750066 xtb: 6.7.1pre (5071a88)
N            0.00000000000000        0.00000000000000        0.00000000000000
C            1.46000000000000        0.00000000000000        0.00000000000000
C            2.15500000000000        0.77400000000000        0.92200000000000
C            3.54500000000000        0.77400000000000        0.92200000000000
C            4.24000000000000        0.00000000000000        0.00000000000000
C            3.54500000000000       -0.77400000000000       -0.92200000000000
C            2.15500000000000       -0.77400000000000       -0.92200000000000
C            5.74000000000000        0.00000000000000        0.00000000000000
C            6.24000000000000        1.08300000000000       -0.90900000000000
C           -0.71700000000000        1.17900000000000        0.00000000000000
C            0.03600000000000        2.47700000000000        0.00000000000000
C           -0.61100000000000        3.65100000000000        0.00000000000000
C            0.14200000000000        4.94900000000000        0.00000000000000
C            0.39200000000000        5.38200000000000       -1.41400000000000
C            1.14400000000000        6.67900000000000       -1.41400000000000
O           -1.99000000000000        1.16600000000000        1.47700000000000
O           -3.68700000000000        1.14900000000000        3.44700000000000
H           -0.34000000000000       -0.60500000000000        0.74800000000000
H           -2.83800000000000        1.15700000000000        2.46200000000000
H            1.61400000000000        1.37600000000000        1.64000000000000
H            4.08600000000000        1.37600000000000        1.64000000000000
H            4.08600000000000       -1.37600000000000       -1.64000000000000
H            1.61400000000000       -1.37600000000000       -1.64000000000000
H            6.10300000000000       -0.96600000000000       -0.35100000000000
H            6.10300000000000        0.17800000000000        1.01200000000000
H            5.87600000000000        2.04900000000000       -0.55800000000000
H            6.37400000000000        0.46000000000000       -2.96300000000000
H            7.93000000000000        3.09600000000000       -1.26500000000000
H           -1.42800000000000        1.17200000000000       -0.82600000000000
H            1.11500000000000        2.43400000000000        0.00000000000000
H           -1.69000000000000        3.69400000000000        0.00000000000000
H           -0.44600000000000        5.71000000000000        0.51400000000000
H            1.09400000000000        4.81700000000000        0.51400000000000
H            0.98000000000000        4.62100000000000       -1.92800000000000
H           -0.56000000000000        5.51400000000000       -1.92800000000000
H            1.32700000000000        6.99400000000000       -2.44200000000000
H            0.55700000000000        7.44000000000000       -0.90000000000000
H            2.09700000000000        6.54800000000000       -0.90000000000000
H           -4.64900000000000        1.26800000000000        3.41800000000000
H           -3.49300000000000        0.96000000000000        4.37900000000000
O           -3.47300000000000       -1.39700000000000        0.79600000000000
H           -2.67100000000000        1.56100000000000        0.89400000000000
H           -4.09900000000000       -2.11400000000000        0.61100000000000
N            5.75400000000000        0.84400000000000       -2.26500000000000
C            7.76000000000000        1.08300000000000       -0.90900000000000
O            8.37500000000000        0.03400000000000       -0.72400000000000
C            3.97200000000000        0.88900000000000       -3.98700000000000
C            4.47500000000000        1.13700000000000       -2.58500000000000
O            3.72000000000000        1.60500000000000       -1.73400000000000
H            4.30500000000000       -0.09200000000000       -4.32400000000000
H            4.36600000000000        1.65600000000000       -4.65500000000000
H            2.88300000000000        0.92600000000000       -3.99400000000000
N            8.43500000000000        2.23400000000000       -1.11200000000000
C            9.88500000000000        2.23400000000000       -1.11200000000000
H           10.24800000000000        3.26200000000000       -1.11200000000000
H           10.24800000000000        1.72000000000000       -2.00200000000000
H           10.24800000000000        1.72000000000000       -0.22200000000000
57
 energy: -83.222417941985 gnorm: 0.126185895018 xtb: 6.7.1pre (5071a88)
N            0.01652113324072        0.02419027935260        0.02012188342611
C            1.45937707314218       -0.03479100731251        0.01750590680143
C            2.16505287675666        0.73495969305255        0.93906010481094
C            3.54577607568495        0.73417937720769        0.94159893103637
C            4.23497342403708       -0.05472329714403        0.03485153332532
C            3.53004473774357       -0.82480155842436       -0.88433924614879
C            2.14531946704343       -0.80134995096058       -0.90685600491913
C            5.73591444311080       -0.01261244638180        0.00203247322768
C            6.24323879226581        1.07632488122774       -0.92782001030804
C           -0.68922339448828        1.20391885936953        0.02796349680092
C            0.02080007568596        2.48210797102379       -0.01135230806986
C           -0.61944621345995        3.65195045361859        0.02486214179599
C            0.12923907910842        4.94391816387439        0.01195470944902
C            0.38959980548723        5.38538382402036       -1.41403135021817
C            1.14951744956205        6.69287826625443       -1.42320976687067
O           -1.99931839911789        1.24710308252236        1.50810616676910
O           -3.66810422608901        1.19811172904831        3.44763447967560
H           -0.37504927924449       -0.63610510807725        0.69701186989827
H           -2.78406750896450        1.09616580234290        2.41534135120711
H            1.62773453202525        1.33779863437185        1.65851396292992
H            4.08626655160154        1.36219710969225        1.63776378692589
H            4.07255390389527       -1.39245686668452       -1.62883352166173
H            1.60288373757287       -1.37745366883776       -1.64069881066154
H            6.12044244368038       -0.97107040953219       -0.34642865767747
H            6.11541202028406        0.17238873325996        1.00826456570959
H            5.86514704180016        2.04605869295236       -0.58003459188686
H            6.36520390717903        0.45470088526882       -2.96789483332819
H            7.92318690836374        3.10736336907379       -1.26693128131172
H           -1.49019989374120        1.16866345724241       -0.72393699060648
H            1.09822064559364        2.45051339798773       -0.06077040762082
H           -1.69718954273354        3.69589194864474        0.01266225105730
H           -0.44693151227641        5.71232430589415        0.52992114744926
H            1.08562434688476        4.81599645100608        0.52220861541190
H            0.97000656138887        4.61733021597097       -1.92833187808386
H           -0.56162305563885        5.50768392815431       -1.93458564681687
H            1.33888842498772        7.01744044723458       -2.44268619854697
H            0.57089564633185        7.45580256602260       -0.90530417129184
H            2.09892983288363        6.56692455716747       -0.90544228115216
H           -4.63809259175051        1.24149180982736        3.37836815595855
H           -3.48023695205749        0.93713977646109        4.36368271828718
O           -3.48317867370883       -1.38695894600343        0.80651354497956
H           -2.68769658566041        1.52273037726062        0.87953642920473
H           -4.08623616136111       -2.11158837295380        0.61138730611585
N            5.75155070543727        0.86949961588248       -2.28379621613902
C            7.76941720005652        1.09218660084986       -0.90265571874779
O            8.38734383149101        0.05263733633668       -0.73330888340691
C            3.98860487525919        0.88912046656287       -3.99648676238337
C            4.47314343570298        1.18939572120340       -2.60067570353548
O            3.73745312599185        1.71781023794380       -1.78314318094829
H            4.31164638113913       -0.09464398731661       -4.32917346109101
H            4.37364394266636        1.64804203290379       -4.67418972515124
H            2.90179407218868        0.93366689407566       -3.99344242229561
N            8.42670123405826        2.24932143077058       -1.11358508272520
C            9.87658661989032        2.24236347898090       -1.11490234524685
H           10.24364607991792        3.26611673364492       -1.10488887967384
H           10.25033828452478        1.72527622773913       -2.00015256068980
H           10.23995326462631        1.71948579632926       -0.22997863303733
