57
 energy: -83.334014340028 gnorm: 0.125815692918 xtb: 6.7.1 (edcfbbe)
N            0.00000000000000        0.00000000000000        0.00000000000000
C            1.46000000000000        0.00000000000000        0.00000000000000
C            2.15500000000000        0.77400000000000        0.92200000000000
C            3.54500000000000        0.77400000000000        0.92200000000000
C            4.24000000000000        0.00000000000000        0.00000000000000
C            3.54500000000000       -0.77400000000000       -0.92200000000000
C            2.15500000000000       -0.77400000000000       -0.92200000000000
C            5.74000000000000        0.00000000000000        0.00000000000000
C            6.24000000000000        1.08300000000000       -0.90900000000000
C            0.96700000000000        0.01000000000000       -2.84000000000000
C            1.72000000000000        1.30800000000000       -2.84000000000000
C            1.07300000000000        2.48200000000000       -2.84000000000000
C            1.82600000000000        3.78000000000000       -2.84000000000000
C            2.07600000000000        4.21300000000000       -4.25400000000000
C            2.82800000000000        5.51000000000000       -4.25400000000000
O            1.30700000000000       -0.89300000000000       -3.58700000000000
O           -3.03200000000000       -0.03000000000000       -0.64600000000000
H           -0.46800000000000       -0.90200000000000        0.00000000000000
H           -0.51700000000000        0.57600000000000        0.68600000000000
H            1.61400000000000        1.37600000000000        1.64000000000000
H            4.08600000000000        1.37600000000000        1.64000000000000
H            4.08600000000000       -1.37600000000000       -1.64000000000000
H            1.61400000000000       -1.37600000000000       -1.64000000000000
H            6.10300000000000       -0.96600000000000       -0.35100000000000
H            6.10300000000000        0.17800000000000        1.01200000000000
H            5.87600000000000        2.04900000000000       -0.55800000000000
H            5.07900000000000        1.47200000000000       -2.67700000000000
H            7.93000000000000        3.09600000000000       -1.26500000000000
H            0.11600000000000       -0.12700000000000       -2.17200000000000
H            2.79900000000000        1.26500000000000       -2.84000000000000
H           -0.00600000000000        2.52500000000000       -2.84000000000000
H            1.23800000000000        4.54100000000000       -2.32600000000000
H            2.77800000000000        3.64800000000000       -2.32600000000000
H            2.66400000000000        3.45200000000000       -4.76800000000000
H            1.12400000000000        4.34500000000000       -4.76800000000000
H            3.01100000000000        5.82500000000000       -5.28200000000000
H            2.24100000000000        6.27100000000000       -3.74000000000000
H            3.78100000000000        5.37900000000000       -3.74000000000000
H           -3.87500000000000       -0.50200000000000       -0.72600000000000
H           -3.28000000000000        0.90800000000000       -0.62600000000000
O            2.26800000000000       -3.33800000000000       -5.41400000000000
H            1.79900000000000       -3.74100000000000       -6.16100000000000
H            3.14800000000000       -3.74500000000000       -5.43200000000000
N            5.75400000000000        0.84400000000000       -2.26500000000000
C            7.76000000000000        1.08300000000000       -0.90900000000000
O            8.37500000000000        0.03400000000000       -0.72400000000000
C            5.70300000000000       -0.46400000000000       -4.36900000000000
C            6.20600000000000       -0.21700000000000       -2.96700000000000
O            7.02800000000000       -0.98200000000000       -2.46400000000000
H            6.03500000000000       -1.44600000000000       -4.70600000000000
H            6.09700000000000        0.30200000000000       -5.03700000000000
H            4.61400000000000       -0.42700000000000       -4.37600000000000
N            8.43500000000000        2.23400000000000       -1.11200000000000
C            9.88500000000000        2.23400000000000       -1.11200000000000
H           10.24800000000000        3.26200000000000       -1.11200000000000
H           10.24800000000000        1.72000000000000       -2.00200000000000
H           10.24800000000000        1.72000000000000       -0.22200000000000
