76
 energy: -110.050171234507 gnorm: 0.141603487073 xtb: 6.7.1 (edcfbbe)
N            0.00000000000000        0.00000000000000        0.00000000000000
C            1.46000000000000        0.00000000000000        0.00000000000000
C            2.15500000000000        0.77400000000000        0.92200000000000
C            3.54500000000000        0.77400000000000        0.92200000000000
C            4.24000000000000        0.00000000000000        0.00000000000000
C            3.54500000000000       -0.77400000000000       -0.92200000000000
C            2.15500000000000       -0.77400000000000       -0.92200000000000
C            5.74000000000000        0.00000000000000        0.00000000000000
C            6.24000000000000        1.08300000000000       -0.90900000000000
C           -0.68400000000000        1.12500000000000        0.00000000000000
C            0.06900000000000        2.42300000000000        0.00000000000000
C           -0.57800000000000        3.59700000000000        0.00000000000000
C            0.17500000000000        4.89500000000000        0.00000000000000
C            0.42500000000000        5.32800000000000       -1.41400000000000
C            1.17700000000000        6.62500000000000       -1.41400000000000
O           -0.68400000000000        1.12500000000000       -2.80000000000000
N           -2.13600000000000        3.40000000000000        4.99600000000000
C           -3.27700000000000        3.68700000000000        4.27600000000000
C           -2.88100000000000        3.80600000000000        2.90800000000000
C           -1.46700000000000        3.57600000000000        2.86500000000000
C           -4.60400000000000        3.85200000000000        4.68700000000000
C           -3.86000000000000        4.09900000000000        1.94500000000000
C           -1.04900000000000        3.33200000000000        4.15800000000000
C           -5.54300000000000        4.14300000000000        3.69500000000000
C           -5.18300000000000        4.26400000000000        2.35400000000000
C            0.31400000000000        3.03100000000000        4.70800000000000
O           -0.43600000000000        1.45000000000000        2.95300000000000
H           -0.47000000000000       -0.90500000000000        0.00000000000000
H           -0.68400000000000        1.12500000000000       -3.77000000000000
H            1.61400000000000        1.37600000000000        1.64000000000000
H            4.08600000000000        1.37600000000000        1.64000000000000
H            4.08600000000000       -1.37600000000000       -1.64000000000000
H            1.61400000000000       -1.37600000000000       -1.64000000000000
H            6.10300000000000       -0.96600000000000       -0.35100000000000
H            6.10300000000000        0.17800000000000        1.01200000000000
H            5.87600000000000        2.04900000000000       -0.55800000000000
H            6.37400000000000        0.46000000000000       -2.96300000000000
H            7.93000000000000        3.09600000000000       -1.26500000000000
H           -1.76200000000000        1.07500000000000        0.00000000000000
H            1.14800000000000        2.38000000000000        0.00000000000000
H           -1.65700000000000        3.64000000000000        0.00000000000000
H           -0.41300000000000        5.65600000000000        0.51400000000000
H            1.12700000000000        4.76300000000000        0.51400000000000
H            1.01300000000000        4.56700000000000       -1.92800000000000
H           -0.52700000000000        5.46000000000000       -1.92800000000000
H            1.36000000000000        6.94000000000000       -2.44200000000000
H            0.59000000000000        7.38600000000000       -0.90000000000000
H            2.13000000000000        6.49400000000000       -0.90000000000000
H           -2.06800000000000        3.25300000000000        5.99900000000000
H           -0.82600000000000        3.58700000000000        1.99400000000000
H           -4.89600000000000        3.76100000000000        5.72400000000000
H           -3.59200000000000        4.19600000000000        0.90200000000000
H           -6.58100000000000        4.27800000000000        3.97300000000000
H           -5.94500000000000        4.49000000000000        1.62000000000000
H            1.03900000000000        3.02000000000000        3.89400000000000
H            0.59100000000000        3.79700000000000        5.43200000000000
H            0.30100000000000        2.05600000000000        5.19600000000000
H           -1.15600000000000        1.18000000000000        2.36100000000000
H           -0.12900000000000        0.62300000000000        3.35600000000000
O           -0.68400000000000        1.12500000000000       -5.50000000000000
H           -0.21300000000000        1.93700000000000       -2.55700000000000
H           -0.68400000000000        1.12500000000000       -6.47000000000000
N            5.75400000000000        0.84400000000000       -2.26500000000000
C            7.76000000000000        1.08300000000000       -0.90900000000000
O            8.37500000000000        0.03400000000000       -0.72400000000000
C            3.97200000000000        0.88900000000000       -3.98700000000000
C            4.47500000000000        1.13700000000000       -2.58500000000000
O            3.72000000000000        1.60500000000000       -1.73400000000000
H            4.30500000000000       -0.09200000000000       -4.32400000000000
H            4.36600000000000        1.65600000000000       -4.65500000000000
H            2.88300000000000        0.92600000000000       -3.99400000000000
N            8.43500000000000        2.23400000000000       -1.11200000000000
C            9.88500000000000        2.23400000000000       -1.11200000000000
H           10.24800000000000        3.26200000000000       -1.11200000000000
H           10.24800000000000        1.72000000000000       -2.00200000000000
H           10.24800000000000        1.72000000000000       -0.22200000000000
