57
 energy: -87.609318327288 gnorm: 0.151756871462 xtb: 6.7.1pre (5071a88)
N            0.00000000000000        0.00000000000000        0.00000000000000
C            1.46000000000000        0.00000000000000        0.00000000000000
C            2.15500000000000        0.77400000000000        0.92200000000000
C            3.54500000000000        0.77400000000000        0.92200000000000
C            4.24000000000000        0.00000000000000        0.00000000000000
C            3.54500000000000       -0.77400000000000       -0.92200000000000
C            2.15500000000000       -0.77400000000000       -0.92200000000000
C            5.74000000000000        0.00000000000000        0.00000000000000
C            6.24000000000000        1.08300000000000       -0.90900000000000
C           -0.71700000000000        1.17900000000000        0.00000000000000
C            0.03600000000000        2.47700000000000        0.00000000000000
C           -0.61100000000000        3.65100000000000        0.00000000000000
C            0.14200000000000        4.94900000000000        0.00000000000000
C            0.39200000000000        5.38200000000000       -1.41400000000000
C            1.14400000000000        6.67900000000000       -1.41400000000000
O           -1.99000000000000        1.16600000000000        1.47700000000000
O           -3.68700000000000        1.14900000000000        3.44700000000000
H           -0.34000000000000       -0.60500000000000        0.74800000000000
H           -2.83800000000000        1.15700000000000        2.46200000000000
H            1.61400000000000        1.37600000000000        1.64000000000000
H            4.08600000000000        1.37600000000000        1.64000000000000
H            4.08600000000000       -1.37600000000000       -1.64000000000000
H            1.61400000000000       -1.37600000000000       -1.64000000000000
H            6.10300000000000       -0.96600000000000       -0.35100000000000
H            6.10300000000000        0.17800000000000        1.01200000000000
H            5.87600000000000        2.04900000000000       -0.55800000000000
H            6.37400000000000        0.46000000000000       -2.96300000000000
H            7.93000000000000        3.09600000000000       -1.26500000000000
H           -1.42800000000000        1.17200000000000       -0.82600000000000
H            1.11500000000000        2.43400000000000        0.00000000000000
H           -1.69000000000000        3.69400000000000        0.00000000000000
H           -0.44600000000000        5.71000000000000        0.51400000000000
H            1.09400000000000        4.81700000000000        0.51400000000000
H            0.98000000000000        4.62100000000000       -1.92800000000000
H           -0.56000000000000        5.51400000000000       -1.92800000000000
H            1.32700000000000        6.99400000000000       -2.44200000000000
H            0.55700000000000        7.44000000000000       -0.90000000000000
H            2.09700000000000        6.54800000000000       -0.90000000000000
H           -4.64900000000000        1.26800000000000        3.41800000000000
H           -3.49300000000000        0.96000000000000        4.37900000000000
O           -3.47300000000000       -1.39700000000000        0.79600000000000
H           -2.67100000000000        1.56100000000000        0.89400000000000
H           -4.09900000000000       -2.11400000000000        0.61100000000000
N            5.75400000000000        0.84400000000000       -2.26500000000000
C            7.76000000000000        1.08300000000000       -0.90900000000000
O            8.37500000000000        0.03400000000000       -0.72400000000000
C            3.97200000000000        0.88900000000000       -3.98700000000000
C            4.47500000000000        1.13700000000000       -2.58500000000000
O            3.72000000000000        1.60500000000000       -1.73400000000000
H            4.30500000000000       -0.09200000000000       -4.32400000000000
H            4.36600000000000        1.65600000000000       -4.65500000000000
H            2.88300000000000        0.92600000000000       -3.99400000000000
N            8.43500000000000        2.23400000000000       -1.11200000000000
C            9.88500000000000        2.23400000000000       -1.11200000000000
H           10.24800000000000        3.26200000000000       -1.11200000000000
H           10.24800000000000        1.72000000000000       -2.00200000000000
H           10.24800000000000        1.72000000000000       -0.22200000000000
57
 energy: -87.647604671741 gnorm: 0.131218744045 xtb: 6.7.1pre (5071a88)
N            0.01330573504399        0.02112644308750        0.02154028802613
C            1.45898160807826       -0.03665632429672        0.01412098937625
C            2.15952515159378        0.73701155662185        0.93915453729103
C            3.54424115285260        0.73787628974155        0.94389968219234
C            4.23431901549543       -0.05574169179633        0.03678502518937
C            3.53214376860192       -0.82928863320082       -0.88600984053390
C            2.14453177111534       -0.80608350402157       -0.91084597211759
C            5.73733785756902       -0.01377459115655        0.00033005975826
C            6.24110577705180        1.08327838460465       -0.92561412524745
C           -0.69520559724448        1.20492890785712        0.03113580594968
C            0.02463902627515        2.47939042697030       -0.01187603488987
C           -0.62074239367772        3.65044076689351        0.02318306034262
C            0.13081952230120        4.94468580685859        0.01456599010689
C            0.38953656767084        5.38434635151809       -1.41454062886444
C            1.15038429628406        6.69316732755171       -1.42413384849531
O           -2.01053119259395        1.24470879241730        1.51826006720671
O           -3.66263315648951        1.18610545299368        3.43480423038028
H           -0.37054586353590       -0.62918824078830        0.71138780050866
H           -2.78537775455558        1.09219069655349        2.41027509487594
H            1.62219804878820        1.34239781099698        1.65956629696259
H            4.08560964816167        1.36748698900000        1.64221966327837
H            4.07741518085854       -1.39423115921161       -1.63442325531660
H            1.60220065105802       -1.38351343756092       -1.64784979324762
H            6.12064897595032       -0.97404013959237       -0.34836999047183
H            6.11826214307187        0.17295157031045        1.00723633330805
H            5.86739087995028        2.05473547403215       -0.57651572285266
H            6.36996222623228        0.45159172895756       -2.96847048625182
H            7.92027288122478        3.10173671969780       -1.26626595743664
H           -1.49802575509581        1.17418471759860       -0.72188890963904
H            1.10536958362731        2.44848307512164       -0.04449123478880
H           -1.70243005133044        3.69480063431890        0.01154801655985
H           -0.44802249552953        5.71303821313277        0.53233741843591
H            1.08883357777871        4.81831084079586        0.52678815249689
H            0.97183350571251        4.61647584872491       -1.93102786145737
H           -0.56361570782444        5.50773250766142       -1.93498361699010
H            1.33718660094041        7.01400617987991       -2.44710872802268
H            0.56830158510357        7.45577671335568       -0.90486731470480
H            2.10157372069489        6.56572197412112       -0.90488472569686
H           -4.62698308889021        1.24214344007298        3.37150457191885
H           -3.47592516956304        0.94158963496716        4.35029227850218
O           -3.47061231745193       -1.37486124693114        0.80838667149296
H           -2.69704958393711        1.51607088920584        0.87904878093231
H           -4.08392515743651       -2.09814672750299        0.61591656952145
N            5.75539118985192        0.86705660271823       -2.28618289958337
C            7.76861261996723        1.08380425993799       -0.90463443821185
O            8.38264703920121        0.04208100730563       -0.72767368599457
C            3.98809738362640        0.88926856338653       -3.99659168398967
C            4.47678721429660        1.19222340964480       -2.60132852888037
O            3.73601255854800        1.72080758001235       -1.78706023454784
H            4.31194499176597       -0.09551792875185       -4.32896374429092
H            4.37440120586723        1.64927350420252       -4.67359083151501
H            2.89967575948599        0.93411582957910       -3.99227125852816
N            8.42304806203421        2.24292932176402       -1.11172370118241
C            9.87755111904737        2.24544419284159       -1.11461995290640
H           10.24024306253462        3.27205864859776       -1.10913933893332
H           10.24875593016167        1.72745352879002       -2.00207207303761
H           10.24252668968061        1.72403501041226       -0.22726696598600
