76
 energy: -109.907481786263 gnorm: 0.204934582029 xtb: 6.7.1pre (5071a88)
N            0.00000000000000        0.00000000000000        0.00000000000000
C            1.46000000000000        0.00000000000000        0.00000000000000
C            2.15500000000000        0.77400000000000        0.92200000000000
C            3.54500000000000        0.77400000000000        0.92200000000000
C            4.24000000000000        0.00000000000000        0.00000000000000
C            3.54500000000000       -0.77400000000000       -0.92200000000000
C            2.15500000000000       -0.77400000000000       -0.92200000000000
C            5.74000000000000        0.00000000000000        0.00000000000000
C            6.24000000000000        1.08300000000000       -0.90900000000000
C           -0.72700000000000        1.19600000000000        0.00000000000000
C           -0.05500000000000        2.35500000000000        0.00000000000000
C           -0.78900000000000        3.68700000000000        0.00000000000000
C           -0.03600000000000        4.98500000000000        0.00000000000000
C            0.21400000000000        5.41800000000000       -1.41400000000000
C            0.96600000000000        6.71500000000000       -1.41400000000000
O           -0.68400000000000        1.12500000000000       -2.80000000000000
N           -1.74300000000000        3.42100000000000        3.64200000000000
C           -2.88400000000000        3.70800000000000        2.92200000000000
C           -2.48800000000000        3.82700000000000        1.55300000000000
C           -1.07400000000000        3.59800000000000        1.51100000000000
C           -4.21100000000000        3.87400000000000        3.33200000000000
C           -3.46700000000000        4.12100000000000        0.59000000000000
C           -0.65600000000000        3.35300000000000        2.80300000000000
C           -5.15000000000000        4.16400000000000        2.34100000000000
C           -4.79000000000000        4.28500000000000        1.00000000000000
C            0.70700000000000        3.05200000000000        3.35300000000000
O           -0.25400000000000        0.82000000000000        2.74300000000000
H           -0.46800000000000       -0.90200000000000        0.00000000000000
H           -0.68400000000000        1.12500000000000       -3.77000000000000
H            1.61400000000000        1.37600000000000        1.64000000000000
H            4.08600000000000        1.37600000000000        1.64000000000000
H            4.08600000000000       -1.37600000000000       -1.64000000000000
H            1.61400000000000       -1.37600000000000       -1.64000000000000
H            6.10300000000000       -0.96600000000000       -0.35100000000000
H            6.10300000000000        0.17800000000000        1.01200000000000
H            5.87600000000000        2.04900000000000       -0.55800000000000
H            6.37400000000000        0.46000000000000       -2.96300000000000
H            7.93000000000000        3.09600000000000       -1.26500000000000
H           -1.80500000000000        1.14600000000000        0.00000000000000
H            1.02400000000000        2.31200000000000        0.00000000000000
H           -1.86800000000000        3.73000000000000        0.00000000000000
H           -0.62400000000000        5.74600000000000        0.51400000000000
H            0.91600000000000        4.85300000000000        0.51400000000000
H            0.80200000000000        4.65700000000000       -1.92800000000000
H           -0.73800000000000        5.55000000000000       -1.92800000000000
H            1.14900000000000        7.03000000000000       -2.44200000000000
H            0.37900000000000        7.47600000000000       -0.90000000000000
H            1.91900000000000        6.58400000000000       -0.90000000000000
H           -1.67500000000000        3.27400000000000        4.64500000000000
H           -0.89700000000000        4.66300000000000        1.65500000000000
H           -4.50300000000000        3.78200000000000        4.36900000000000
H           -3.19900000000000        4.21700000000000       -0.45300000000000
H           -6.18800000000000        4.29900000000000        2.61900000000000
H           -5.55200000000000        4.51200000000000        0.26600000000000
H            1.43300000000000        3.04100000000000        2.54000000000000
H            0.98400000000000        3.81800000000000        4.07700000000000
H            0.69400000000000        2.07800000000000        3.84200000000000
H           -1.21600000000000        0.94000000000000        2.71400000000000
H           -0.12900000000000       -0.14200000000000        2.75000000000000
O           -0.68400000000000        1.12500000000000       -5.50000000000000
H           -0.21300000000000        1.93700000000000       -2.55700000000000
H           -0.68400000000000        1.12500000000000       -6.47000000000000
N            5.75400000000000        0.84400000000000       -2.26500000000000
C            7.76000000000000        1.08300000000000       -0.90900000000000
O            8.37500000000000        0.03400000000000       -0.72400000000000
C            3.97200000000000        0.88900000000000       -3.98700000000000
C            4.47500000000000        1.13700000000000       -2.58500000000000
O            3.72000000000000        1.60500000000000       -1.73400000000000
H            4.30500000000000       -0.09200000000000       -4.32400000000000
H            4.36600000000000        1.65600000000000       -4.65500000000000
H            2.88300000000000        0.92600000000000       -3.99400000000000
N            8.43500000000000        2.23400000000000       -1.11200000000000
C            9.88500000000000        2.23400000000000       -1.11200000000000
H           10.24800000000000        3.26200000000000       -1.11200000000000
H           10.24800000000000        1.72000000000000       -2.00200000000000
H           10.24800000000000        1.72000000000000       -0.22200000000000
76
 energy: -109.958009090173 gnorm: 0.161199967240 xtb: 6.7.1pre (5071a88)
N            0.01950608306344        0.00029914177757        0.00013548631611
C            1.45056460486625       -0.02299544489673        0.00943201634280
C            2.15696516124434        0.75048599308756        0.92477548094510
C            3.53912220895375        0.74711924099473        0.93475843331487
C            4.23348362808222       -0.04181901242971        0.03050272908498
C            3.53129295891406       -0.81237474521444       -0.88962240898173
C            2.14750665887535       -0.79955655134257       -0.90461269537670
C            5.73406099347965       -0.01033749304610        0.00493552416487
C            6.24400245809851        1.07520448555144       -0.92510527777948
C           -0.69281396773281        1.18329024304066        0.00201674027333
C           -0.04051575154446        2.34770654076069        0.00340308310695
C           -0.74885910941119        3.65621806792207       -0.05889388961855
C           -0.01139524353581        4.97558658624579       -0.03384476270126
C            0.23097718947306        5.42801178471163       -1.44529283755144
C            0.97951411437190        6.73506291130028       -1.43045751342336
O           -0.68250639673454        1.14221850536670       -2.79353842186186
N           -1.75569812555100        3.40897869097253        3.65541149682529
C           -2.90572919327071        3.70082651928764        2.94626340943378
C           -2.54361496580528        3.82470327693016        1.59171700532612
C           -1.09260433965200        3.67162762267956        1.51459502637736
C           -4.22314183804517        3.87219853926836        3.34601686647299
C           -3.50049574815312        4.11768790440983        0.61792669905041
C           -0.65995578985198        3.33508826765440        2.83312910524948
C           -5.15987828947111        4.16436361665398        2.35697644833203
C           -4.81083134360828        4.28620282787180        1.02151008150085
C            0.70617980493592        3.07942202923854        3.36852873134579
O           -0.28544783968626        0.76983858739661        2.77751199751942
H           -0.45998730519488       -0.88698263565195       -0.00504478336228
H           -0.70532303276692        1.08919405211517       -3.77056021343687
H            1.62245525283705        1.34189106199209        1.64621665587411
H            4.08012972515063        1.36767441146409        1.63817604517013
H            4.07495415776006       -1.38456168313779       -1.63024776109474
H            1.60845354864857       -1.37563895750863       -1.64138145529288
H            6.11382481966957       -0.97025697785932       -0.34491840791505
H            6.11162739249099        0.17333802307319        1.01211377944853
H            5.86789232093480        2.04558164373093       -0.57599827540469
H            6.36657673438503        0.45342875770376       -2.96536425436584
H            7.92568707150616        3.10115336422406       -1.26734368457204
H           -1.77398028639601        1.12314660270145       -0.01743728790669
H            1.02986545717189        2.34239788787051       -0.02703883055450
H           -1.80938499189772        3.69323250849687       -0.03796036601461
H           -0.60871394551989        5.74886164947461        0.47341633433382
H            0.93203176967953        4.85770172171321        0.50135807724368
H            0.80686371491445        4.65634917848598       -1.95129406786256
H           -0.73088103866275        5.54551685155694       -1.94625535652806
H            1.16529025884672        7.05803350829958       -2.44886952116849
H            0.39207417781034        7.48964638062319       -0.90891141083603
H            1.92641116922442        6.60230233100020       -0.91018408762467
H           -1.68835571070474        3.27102044980860        4.65102128417923
H           -0.89974365705500        4.73648209685884        1.68672160784260
H           -4.51015201860084        3.78116440362258        4.37927991505695
H           -3.25172154144338        4.23009979504566       -0.43324881111298
H           -6.19357776184697        4.29876893386255        2.63161528218158
H           -5.56050404422246        4.51260981205913        0.27894614933200
H            1.42536500138206        3.06566699832904        2.55442564339287
H            0.98898612649590        3.83945899150632        4.09198833066095
H            0.71670402043875        2.10547995359027        3.85368200284434
H           -1.23493659498707        0.90752423154506        2.70062541015905
H           -0.14122593826372       -0.17981636474777        2.72907732347239
O           -0.67911253020223        1.13063698720781       -5.50122573365417
H           -0.20005903261350        1.94622834888179       -2.58379205751945
H           -0.68488161654378        1.12707023862753       -6.46140273903042
N            5.75133999299952        0.86243583771857       -2.27959651616737
C            7.76883756407587        1.08683954526930       -0.90197255245348
O            8.38452850875523        0.04626722730702       -0.72861440739353
C            3.98326840929106        0.88562355745624       -3.99114620663873
C            4.46850006761392        1.17352646045714       -2.59424479095142
O            3.73420382695573        1.69118884469682       -1.76960302792450
H            4.30862323987069       -0.09565620342603       -4.32853385343337
H            4.36946132983927        1.64791946349823       -4.66506970787400
H            2.89569609797975        0.92865163384770       -3.99297017753016
N            8.42858515437928        2.24316458635941       -1.11222776852956
C            9.87839444207614        2.23666280950860       -1.11352401765182
H           10.24516659761413        3.26078850398921       -1.10638804534079
H           10.25068979256146        1.71915592158654       -1.99908642746928
H           10.24236538125828        1.71596911897320       -0.22738579026581
76
 energy: -110.014153920338 gnorm: 0.128798903901 xtb: 6.7.1pre (5071a88)
N            0.04428855931671        0.00097244432240        0.01247750533142
C            1.43311853470058       -0.03931100878443        0.01639443127852
C            2.15920620052801        0.73074594152090        0.92682780391223
C            3.53147716497531        0.72675805889766        0.94046943039969
C            4.22812523176247       -0.07383332358501        0.05450244501557
C            3.51515608698332       -0.83950952599793       -0.86159006791878
C            2.13839459502084       -0.81652761790375       -0.89163856011242
C            5.72737988241966       -0.02180363605387        0.01204429392086
C            6.25048313166871        1.07904018525755       -0.94049645462928
C           -0.65135195214190        1.16642290322511       -0.02385483425550
C           -0.02627102510213        2.34097837952241       -0.06297155813687
C           -0.68445363592560        3.61785424366002       -0.02319490884934
C            0.02177638120567        4.96657213444368       -0.08086846190954
C            0.24984955184861        5.43499181128245       -1.48860959856665
C            0.99334219913908        6.75538799032249       -1.45153538933572
O           -0.68411877330808        1.15153319190901       -2.79473232957692
N           -1.77711328815549        3.38928250111223        3.68716840961648
C           -2.93693403769225        3.68688522801278        2.98312709870917
C           -2.62596281380742        3.81472202970470        1.65156410039235
C           -1.13112921725252        3.77037011504085        1.56567213047624
C           -4.24201654478156        3.86884194146097        3.36176215056212
C           -3.53190774047767        4.11286440954436        0.65076948899122
C           -0.66984829771032        3.29250633599533        2.90259806064044
C           -5.17009787005489        4.16362337993986        2.37225650937880
C           -4.83136706532789        4.28621105912700        1.04201213250331
C            0.70405307668605        3.10195630347806        3.38960209890839
O           -0.31939813578770        0.71837466288916        2.81290561581334
H           -0.45013994268518       -0.86832796358893       -0.03021450330074
H           -0.71482106212759        1.07371720543125       -3.77863997216795
H            1.63150163470746        1.31300667724133        1.65053646359636
H            4.07357984379320        1.36002705499464        1.63402950495568
H            4.06335669302211       -1.39075477339128       -1.61712813568964
H            1.60334312550548       -1.37409117879308       -1.64146258156749
H            6.12611333024791       -0.97397175802226       -0.34011252700697
H            6.12181677688783        0.16890503156314        1.01317610233002
H            5.85919413396044        2.05307574878680       -0.59084024529142
H            6.35772108727883        0.44445294836726       -2.95981415993060
H            7.92023171259634        3.09567911434102       -1.26964283292303
H           -1.73852798948708        1.09661097720282       -0.02803130809674
H            1.03450281422770        2.37815092785881       -0.07100117764171
H           -1.72626420617598        3.64819887336424       -0.19366400402839
H           -0.58588248603407        5.75790331015454        0.41754765080743
H            0.95198439517283        4.87410810993866        0.48544673737475
H            0.81255116219277        4.65246990407983       -1.98294511881806
H           -0.72588469069180        5.53808245762993       -1.96761819516044
H            1.18203868038378        7.08801363658416       -2.45697655783260
H            0.40368577442893        7.50013689684027       -0.91902857101278
H            1.93164674001792        6.61944334369296       -0.92144912030639
H           -1.71234306225564        3.26725301524691        4.67189805633736
H           -0.89431618303291        4.82682641846576        1.75386547187920
H           -4.52348097364777        3.78142968354465        4.39041516928369
H           -3.29718435802490        4.24012390382844       -0.40890076425998
H           -6.19860489859816        4.29940546531189        2.64263218881285
H           -5.56534112307439        4.51242272838231        0.28846655178225
H            1.40954439209175        3.08363022580835        2.56710744779690
H            0.99741661243384        3.85739089749102        4.10789215372411
H            0.74532613573508        2.12894186949382        3.87166004529024
H           -1.25023992746957        0.88325372396403        2.68727629021600
H           -0.14603466557858       -0.21209702082129        2.71020014741404
O           -0.66979956600183        1.14129118436591       -5.50450046367837
H           -0.19572596029997        1.94045193053025       -2.59456395667777
H           -0.68848352728260        1.12556226347474       -6.45122044989553
N            5.74782145822635        0.88851214683669       -2.29151282916990
C            7.78287132279291        1.07088124930760       -0.90813270539842
O            8.39451318502220        0.04376650828582       -0.73429925844070
C            3.99675925770910        0.87916970671640       -3.99023408677545
C            4.45276506021589        1.20721188138168       -2.59339399283438
O            3.74425244570487        1.77675813330172       -1.80154975668216
H            4.31517205869938       -0.09830417469062       -4.33408596647468
H            4.37060161339679        1.64051974859898       -4.66901625752695
H            2.90982110985524        0.92785564056927       -3.99203253852771
N            8.41987532130729        2.24130537904370       -1.11208449121776
C            9.86955156180494        2.24257270689249       -1.11608347692032
H           10.23924721401774        3.26196337434852       -1.10569540516787
H           10.25387771466962        1.71969453273130       -1.99597921922852
H           10.23771005563257        1.71346019497018       -0.23495689450954
76
 energy: -110.045279585618 gnorm: 0.105310949041 xtb: 6.7.1pre (5071a88)
N            0.05585533322173       -0.00526454805784        0.02197257202532
C            1.44085928155926       -0.06651606608530        0.03094773587595
C            2.16596375675858        0.69812824982337        0.94528781078723
C            3.53762957982237        0.70126088992586        0.95150791796024
C            4.23658537374245       -0.09223140386303        0.05794071537251
C            3.51975704964741       -0.86079662385576       -0.85306439158221
C            2.14284710401313       -0.84192923900480       -0.88049803990934
C            5.73282586926297       -0.03221003351483        0.00958132533056
C            6.24788363982363        1.07988463883855       -0.94411711972162
C           -0.62092874976087        1.17219567141918       -0.02408406231931
C            0.00262791222502        2.35317857537869       -0.06898814068690
C           -0.66725498495848        3.62780787250145        0.02012997350531
C            0.04956670256447        4.96707312850807       -0.11332828396898
C            0.27330166526506        5.43174860641769       -1.52616944140593
C            1.00635265161726        6.76310416541012       -1.47817893261965
O           -0.69336409943443        1.15526653997699       -2.79820149324440
N           -1.79678296385122        3.37153701981098        3.70731804181099
C           -2.95870160202540        3.67131546272739        3.00632561174404
C           -2.64289637477779        3.83150153183177        1.67020859354276
C           -1.14615087052572        3.82306231569443        1.58913064247776
C           -4.27112307045831        3.85365480401297        3.39118177359123
C           -3.55140816733073        4.12244997937159        0.67598987615243
C           -0.69015698054626        3.29989194405414        2.92428550518212
C           -5.19855730166624        4.15819303910730        2.40447861303017
C           -4.86130831625525        4.28051452212816        1.06916780994512
C            0.68913950574961        3.12745077027588        3.40584855543399
O           -0.35176721667354        0.66844611219740        2.89159827192419
H           -0.45634603354578       -0.86626995075570       -0.07728556094339
H           -0.73069201293148        1.05404670588021       -3.77924657010078
H            1.63248352845399        1.28406319463710        1.66479535519555
H            4.07563814011181        1.34284747173632        1.63881066115100
H            4.06305918258991       -1.41856593115685       -1.60309855771834
H            1.60270532594758       -1.38606205056406       -1.63912107152643
H            6.14068127152383       -0.98100606482307       -0.34128216647425
H            6.13205926876394        0.16542149264092        1.00728534880079
H            5.85813756299110        2.05150555994170       -0.59386243332629
H            6.34361698419893        0.42371861691952       -2.95411127160246
H            7.91217591102316        3.09492519037267       -1.27346531934125
H           -1.70579587979834        1.09828256985411       -0.03834707114454
H            1.06956198359563        2.39746182683434       -0.10632963728128
H           -1.70276916653742        3.63790361423117       -0.28064751868868
H           -0.55907515319886        5.76079499023974        0.36723110452306
H            0.98185538479569        4.89122347168004        0.45268945180739
H            0.83817111560052        4.66139758638432       -2.03836883644890
H           -0.70403709737510        5.53733355549991       -2.00101517298252
H            1.20226844618939        7.12091422356834       -2.47703724001843
H            0.41199695015391        7.50085388937109       -0.93907339431115
H            1.94373726299164        6.63558294619301       -0.94315889325343
H           -1.73615241258368        3.24751222738731        4.69843748947951
H           -0.89585913283989        4.87604898460576        1.78094212699429
H           -4.55378475516582        3.77652560136748        4.42313225645265
H           -3.32153470777476        4.25017824808151       -0.37849247833747
H           -6.22604632226850        4.30346725693378        2.67823741674292
H           -5.59552530499939        4.51317512155876        0.31638363389985
H            1.38618060539455        3.12278384866758        2.57507533843839
H            0.98844172848418        3.88789501397003        4.12162505332995
H            0.76652400266599        2.15439649933664        3.89375318747706
H           -1.27693531959750        0.83824682212249        2.65310859881869
H           -0.16071588474203       -0.25922913165048        2.67078625979726
O           -0.65858894909440        1.15018656768014       -5.49733226938232
H           -0.17910214262090        1.94131636771927       -2.62498782740100
H           -0.69516836484404        1.12359112144473       -6.44742983541692
N            5.74609444214332        0.90205771951086       -2.29587619291714
C            7.78240198986609        1.06348872118449       -0.91564077532177
O            8.39961403771386        0.03724072184664       -0.74145223548880
C            4.00191259545389        0.88174822923975       -3.99310139464913
C            4.45608847130321        1.24391033848471       -2.60106328425080
O            3.76062132190777        1.85947529583952       -1.82426974242590
H            4.32550443241177       -0.09989853969485       -4.32144914534684
H            4.37630018160869        1.63247231859090       -4.68476916206562
H            2.91474445478292        0.92732454275655       -4.00098066027041
N            8.41255667472882        2.24012838392834       -1.11342312691353
C            9.86253932277816        2.24705881861327       -1.11703929398280
H           10.23200074225583        3.26660467832617       -1.10296883248776
H           10.25010436164304        1.72592851331874       -1.99687984603538
H           10.22955622883723        1.71327487511521       -0.23795790528798
76
 energy: -110.072237405862 gnorm: 0.063108671293 xtb: 6.7.1pre (5071a88)
N            0.06383485044439       -0.01184111315388        0.04351003800138
C            1.45414946210361       -0.08819425092938        0.04341234111402
C            2.17277843652862        0.66839501028760        0.96685784499800
C            3.54649252749427        0.67728470264871        0.96139425383383
C            4.24835068853254       -0.10730809569686        0.05571736985776
C            3.52902439920186       -0.87825291971490       -0.85051424356214
C            2.14900131729601       -0.86441593542588       -0.87314078725945
C            5.74053682136128       -0.04345513378840        0.00523892676402
C            6.24323911069206        1.08248725311514       -0.94240316047984
C           -0.59079463592174        1.18734698944868       -0.02338648651479
C            0.03536152180992        2.37213598497871       -0.07214360748895
C           -0.66257159633075        3.65235233680377        0.09971009139339
C            0.07709782184025        4.96707786301325       -0.14035462174744
C            0.29673269595038        5.42164293269436       -1.56224156650835
C            1.01841364717568        6.76413053760589       -1.50569713941874
O           -0.70609271088069        1.15184342665903       -2.80575231116396
N           -1.81689503651756        3.34842508737693        3.72321577634549
C           -2.97937253067433        3.65527408203555        3.02754298541925
C           -2.64684195890657        3.85947127414772        1.68448009916847
C           -1.16173939576003        3.87487451388074        1.61076929282579
C           -4.29985621290378        3.83517916743288        3.42344798168044
C           -3.57134050047846        4.13822174046974        0.70658307070515
C           -0.71749952874636        3.31395114565682        2.93315400479938
C           -5.23025387769330        4.15035306321966        2.44224826234328
C           -4.89495779738501        4.27253986851536        1.10143153024591
C            0.66663477872055        3.14628719196257        3.41321314626266
O           -0.38589091499868        0.61431859413277        2.88729452765358
H           -0.46320726753510       -0.86074859547457       -0.15139621491791
H           -0.74358762764085        1.04553517286722       -3.77884166681315
H            1.62905569990951        1.25853352705823        1.68356989296740
H            4.07920676918102        1.32021076900132        1.64737073009709
H            4.06434658956471       -1.45152686284340       -1.59031280489821
H            1.60169828963040       -1.40331172429252       -1.63204131177751
H            6.15747120039668       -0.98819586923734       -0.34429361094965
H            6.14250599247102        0.16216065278483        0.99948023359626
H            5.85809212807233        2.04787527378056       -0.59036582020282
H            6.31925412079333        0.39461510074707       -2.94191879279916
H            7.90327632256097        3.09123650807910       -1.27838021183316
H           -1.67101015072287        1.10778336169187       -0.03546279176351
H            1.10974028145849        2.41392916157612       -0.14162770913404
H           -1.66575094642306        3.62736024054646       -0.39610247575629
H           -0.52420365539309        5.76218779247209        0.31929748827477
H            1.01808320892122        4.90750247246800        0.41150822666090
H            0.86988713991592        4.67237488033538       -2.10122851483910
H           -0.67833047028762        5.53433446326802       -2.03944235210267
H            1.22188252615615        7.14970270752680       -2.49883817088046
H            0.41819911251900        7.49725560624526       -0.96395358628268
H            1.95837166628511        6.65082456399985       -0.96859392132723
H           -1.76424520116424        3.21489350931350        4.72270555647996
H           -0.89530040193474        4.92521270066538        1.80364994082643
H           -4.58526413457362        3.76362342659892        4.45887375828643
H           -3.34040049370286        4.26761386692909       -0.33793296711209
H           -6.25793794071174        4.30522017394536        2.72107336598533
H           -5.63291416183749        4.50905934578212        0.35140376380349
H            1.35777228300273        3.15806005588421        2.57461195209515
H            0.97021007974454        3.91468099062297        4.12862252574605
H            0.77460483026431        2.17697924225338        3.90868810944505
H           -1.28913548585242        0.79312710885687        2.65810569108150
H           -0.17969274320488       -0.28696697756983        2.68691359601622
O           -0.63879966728381        1.16246477708999       -5.48782254880295
H           -0.16802654447211        1.93452018116515       -2.65540292721864
H           -0.70865840496055        1.11684439701557       -6.44296982299374
N            5.74379328293317        0.91739112243026       -2.29536828866890
C            7.77873698872738        1.05434718486310       -0.92579734372570
O            8.40301912874415        0.02759201355222       -0.75201036902219
C            4.00532832509048        0.88923247622189       -3.99283665321280
C            4.46380494937789        1.28253584349749       -2.60803448731981
O            3.78232957509870        1.93931561100761       -1.84892662172552
H            4.34281295944091       -0.09658236253867       -4.30046165653797
H            4.37957062253384        1.62805095333902       -4.70008643870933
H            2.91812849251869        0.92406528357617       -4.01099278678133
N            8.40545774677100        2.23550532004377       -1.11358034770717
C            9.85578067535741        2.25217524647803       -1.11745376383337
H           10.22234772741382        3.27344848359527       -1.09997929341411
H           10.24509548673196        1.73546021128070       -1.99877348563782
H           10.22105971416088        1.71436529412435       -0.24023269193133
